
git status
ls -la
git diff
git status
git add .
git commit -m "remove something, add something"
git status
git push origin master

https://codeburst.io/git-and-github-in-a-nutshell-b0a3cc06458f

https://git-scm.com/book/en/v2/Getting-Started-First-Time-Git-Setup

https://product.hubspot.com/blog/git-and-github-tutorial-for-beginners

macOS

Install Homebrew and run the following to install an up to date version of Git on your Mac:
> brew install git
To update your Git install, use Homebrew’s upgrade option:
> brew upgrade git

Configure Git

Run the following commands from the command prompt after installing Git to configure this information:
> git config --global user.name "Ngoc Tran” (ngoctranapc06)
> git config --global user.email "tranngocapc06@gmail.com"

Creat a new branch
$ git branch <new branch name>
Move to a branch
$  git checkout -b <my branch name>
Bring a local folder to remote git repo


1. Create a new repository on GitHub.
2. Open Git Bash or terminal
3. Change the current working directory to your local project.
4. Initialize the local directory as a Git repository.
$ git init
5. Add the files in your new local repository. This stages them for the first commit.
$ git add .
6. Commit the files that you've staged in your local repository.
$ git commit -m "First commit"
7. At the top of your GitHub repository's Quick Setup page, click to copy the remote repository URL.
8. In the Command prompt, add the URL for the remote repository where your local repository will be pushed.
$ git remote add origin <remote repository URL>
# Sets the new remote
$ git remote -v
# Verifies the new remote URL (note: use htpps: https://github.com/ngoctranapc06/BeamSummary.git
use ssh: git@github.com:ngoctranapc06/BeamSummary.git) 
Change your remote's URL from SSH to HTTPS with the git remote set-url command.
$ git remote set-url origin https://github.com/USERNAME/REPOSITORY.git
Change your remote's URL from HTTPS to SSH with the git remote set-url command.
$ git remote set-url origin git@github.com:USERNAME/REPOSITORY.git
Verify that the remote URL has changed.
$ git remote -v

9. Push the changes in your local repository to GitHub.
$ git push origin master
  10. remove 
     $ git remote rm origin

resolve
ngocha@tvngoc:~/wagasci_analysis/process/wgBeamSummaryData$ git push origin master
Username for 'https://github.com': ngoctranapc06
Password for 'https://ngoctranapc06@github.com': 
To https://github.com/ngoctranapc06/BeamSummary.git
 ! [rejected]        master -> master (non-fast-forward)
error: failed to push some refs to 'https://github.com/ngoctranapc06/BeamSummary.git'
hint: Updates were rejected because the tip of your current branch is behind
hint: its remote counterpart. Integrate the remote changes (e.g.
hint: 'git pull ...') before pushing again.
hint: See the 'Note about fast-forwards' in 'git push --help' for details.

https://help.github.com/en/github/authenticating-to-github/generating-a-new-ssh-key-and-adding-it-to-the-ssh-agent

Generating a new SSH key and adding it to the ssh-agent

ngocha@tvngoc:~$ ssh-keygen -t rsa -b 4096 -C "tranngocapc06@gmail.com"
Generating public/private rsa key pair.
Enter file in which to save the key (/Users/ngocha/.ssh/id_rsa): 
Enter passphrase (empty for no passphrase): 
Enter same passphrase again: 
Your identification has been saved in /Users/ngocha/.ssh/id_rsa.
Your public key has been saved in /Users/ngocha/.ssh/id_rsa.pub.
The key fingerprint is:
SHA256:zr7pE2QiiDFy1YZEdfPH5bfAL8LS2wfXLf/tGOiAc6E tranngocapc06@gmail.com
The key's randomart image is:
+---[RSA 4096]----+
|   +++. o     .  |
|+ . . o. o ..o   |
|.= . .    . oo. .|
|. . . . o o.  o.+|
|     . +S..+ o.+o|
|       o.o..+.+o |
|        E.o......|
|       ..+ o  .oo|
|       .=o  . ..+|
+----[SHA256]-----+
ngocha@tvngoc:~$ eval "$(ssh-agent -s)"
Agent pid 88477
ngocha@tvngoc:~$ vi ~/.ssh/config 
Host *
  AddKeysToAgent yes
  UseKeychain yes
  IdentityFile ~/.ssh/id_rsa

ngocha@tvngoc:~$ ssh-add -K ~/.ssh/id_rsa
Enter passphrase for /Users/ngocha/.ssh/id_rsa: 12345
Identity added: /Users/ngocha/.ssh/id_rsa (tranngocapc06@gmail.com)
ngocha@tvngoc:~$ pbcopy < ~/.ssh/id_rsa.pub
ngocha@tvngoc:~$ vi /Users/ngocha/.ssh/id_rsa.pub

Adding new ssh key to github account
https://help.github.com/en/github/authenticating-to-github/adding-a-new-ssh-key-to-your-github-account


11. $ git branch develop
12. $ git checkout develop 
                                                (2 above steps can be integrated into one step: git checkout -b develop)
13. $ git push origin develop


git with vs code
token 